
> wasmlets@0.0.6 build C:\Users\G\Desktop\Builds\sigilnet\packages\Qwave\wasmlets
> tsup

[34mCLI[39m Building entry: src/index.ts
[34mCLI[39m Using tsconfig: tsconfig.json
[34mCLI[39m tsup v8.5.1
[34mCLI[39m Using tsup config: C:\Users\G\Desktop\Builds\sigilnet\packages\Qwave\wasmlets\package.json
[34mCLI[39m Target: esnext
[34mCLI[39m Cleaning output folder
[34mCJS[39m Build start
[34mESM[39m Build start
[32mESM[39m [1mdist\index.mjs     [22m[32m4.40 KB[39m
[32mESM[39m [1mdist\index.mjs.map [22m[32m11.24 KB[39m
[32mESM[39m ⚡️ Build success in 692ms
[32mCJS[39m [1mdist\index.js     [22m[32m5.49 KB[39m
[32mCJS[39m [1mdist\index.js.map [22m[32m11.67 KB[39m
[32mCJS[39m ⚡️ Build success in 925ms
[34mDTS[39m Build start
[32mDTS[39m ⚡️ Build success in 4286ms
[32mDTS[39m [1mdist\index.d.ts  [22m[32m2.10 KB[39m
[32mDTS[39m [1mdist\index.d.mts [22m[32m2.10 KB[39m
